MAP
  FONTSET "../symbols/fontes.txt"
  SYMBOLSET "../symbols/simbolosv6.sym"
  LAYER
    DATA "/var/www/i3geo/aplicmap/dados/sc22/AEROPORTO_CAMPO_DE_POUSO.shp"
    METADATA
      "ltempoitemimagem"	""
      "CLASSE"	"SIM"
      "ltempoitemdescricao"	""
      "palletestep"	""
      "ltempoiteminicio"	""
      "permitekmz"	""
      "ltempoitemtip"	""
      "description_template"	""
      "ltempoitemtitulo"	""
      "ltempoitemlink"	""
      "palletefile"	""
      "permitedownload"	""
      "ltempoformatodata"	""
      "ltempoitemicone"	""
      "PLUGINI3GEO"	""
      "itembuscarapida"	""
      "arquivokmz"	""
      "arquivodownload"	""
      "permitekml"	"SIM"
      "permiteogc"	"SIM"
      "TEMA"	"Aeroportos SC22ç"
      "editorsql"	""
      "ltempoconvencode"	""
      "ltempoitemfim"	""
    END # METADATA
    NAME "_cursoaeroporto"
    STATUS OFF
    TEMPLATE "none.htm"
    TILEITEM "location"
    TYPE POINT
    UNITS METERS
    CLASS
      NAME ""
      STYLE
        COLOR 255 0 0
        OUTLINECOLOR 0 0 0
        SIZE 15
        SYMBOL "ponto"
      END # STYLE
    END # CLASS
  END # LAYER

END # MAP

