MAP
  FONTSET "/var/www/i3geo/symbols/fontes.txt"
  SYMBOLSET "/var/www/i3geo/symbols/simbolosv6.sym"
  LAYER
    CONNECTION "i3geosaude"
    CONNECTIONTYPE POSTGIS
    DATA "the_geom from (select gid, st_setsrid(the_geom,4326) as the_geom,co_bairro,no_bairro,no_distr,no_municip from i3geo_metaestat.bairros ) as foo using unique gid using srid=4326"
    METADATA
      "cache"	"nao"
      "TIP"	"no_bairro,gid"
      "CLASSE"	"SIM"
      "permitekmz"	"SIM"
      "EDITAVEL"	"SIM"
      "extensao"	"-70.041740706664 -33.694583050265 -34.792884974458 2.8730391155742"
      "permitedownload"	"SIM"
      "permitecomentario"	"NAO"
      "escondido"	"NAO"
      "esquematabelaeditavel"	"i3geo_metaestat"
      "download"	"SIM"
      "CONEXAOORIGINAL"	"i3geosaude"
      "permitekml"	"SIM"
      "permiteogc"	"SIM"
      "transitioneffect"	"NAO"
      "TEMA"	"_Bairros POSTGIS"
      "colunageometria"	"the_geom"
      "colunaidunico"	"gid"
      "identifica"	"sim"
      "tabelaeditavel"	"bairros"
    END # METADATA
    NAME "_lbairros"
    PROCESSING "LABEL_NO_CLIP=True"
    PROCESSING "POLYLINE_NO_CLIP=True"
    STATUS DEFAULT
    TEMPLATE "none.htm"
    TILEITEM "location"
    TYPE POLYGON
    UNITS METERS
    CLASS
      NAME " "
      STYLE
        COLOR 255 0 0
        OUTLINECOLOR 255 255 255
      END # STYLE
    END # CLASS
  END # LAYER

END # MAP

