MAP
  FONTSET "../symbols/fontes.txt"
  SYMBOLSET "../symbols/simbolos.sym"
  LAYER
    CONNECTION "user=postgres password=postgres dbname=geosaude host=localhost port=5432"
    CONNECTIONTYPE POSTGIS
    DATA "the_geom from (select * from i3geo_metaestat.bairros) as foo using unique gid using srid=4326"
    METADATA
      "METAESTAT_ID_MEDIDA_VARIAVEL"	""
      "ID_MEDIDA_VARIAVEL"	""
      "ltempoitemimagem"	""
      "cache"	"SIM"
      "ltempoitemdescricao"	""
      "CLASSE"	"SIM"
      "ltempoiteminicio"	""
      "palletestep"	""
      "ltempoitemtip"	""
      "permitekmz"	"nao"
      "ltempoitemtitulo"	""
      "description_template"	""
      "ltempoitemlink"	""
      "METAESTAT_CODIGO_TIPO_REGIAO"	""
      "palletefile"	""
      "ltempoformatodata"	""
      "permitedownload"	"sim"
      "ltempoitemicone"	""
      "metaestat"	""
      "itembuscarapida"	"no_bairro"
      "permitekml"	"sim"
      "permiteogc"	"sim"
      "convcaracter"	""
      "TEMA"	"Bairros IBGE"
      "ltempoconvencode"	""
      "editorsql"	""
      "ltempoitemfim"	""
    END # METADATA
    NAME "_lbairros"
    STATUS DEFAULT
    TEMPLATE "none.htm"
    TYPE POLYGON
    UNITS METERS
    CLASS
      NAME ""
      STYLE
        OUTLINECOLOR 255 0 0
        SYMBOL "p0"
      END # STYLE
      STYLE
        COLOR 255 255 255
        OPACITY 20
      END # STYLE
    END # CLASS
  END # LAYER

END # MAP

