MAP
  FONTSET "../symbols/fontes.txt"
  SYMBOLSET "../symbols/simbolosv6.sym"
  LAYER
    COMPOSITE
      OPACITY 50
    END
    CONNECTION ""
    DATA "/var/www/i3geo/aplicmap/dados/biomas.shp"
    METADATA
      "TIP"	"CD_LEGENDA"
      "cache"	"nao"
      "CLASSE"	"SIM"
      "animagif"	""
      "temporizador"	"15"
      "permitekmz"	"SIM"
      "ITENSDESC"	"CD_LEGENDA"
      "editavel"	""
      "ESCALA"	"250000"
      "TILES"	"NAO"
      "extensao"	"-73.990940816816 -33.74827031115 -34.822855820777 5.272224303909"
      "FUNCOESJS"	'[{"titulo":"teste fake"},{"titulo":"teste de nome de uma função","script":"../aplicmap/dados/testefuncaojs.js","funcao":"funcao1","parametros":["CD_LEGENDA"]}]'
      "permitedownload"	"SIM"
      "permitecomentario"	"NAO"
      "cacheprefixo"	"prefixo"
      "escondido"	"NAO"
      "esquematabelaeditavel"	""
      "download"	"SIM"
      "UTFDATA"	"CD_LEGENDA"
      "itembuscarapida"	"CD_LEGENDA"
      "tme"	""
      "ITENS"	"CD_LEGENDA"
      "transitioneffect"	"NAO"
      "permiteogc"	"SIM"
      "permitekml"	"SIM"
      "TEMA"	"Biomas shapefile (acentuação)"
      "convcaracter"	"SIM"
      "colunageometria"	""
      "colunaidunico"	""
      "identifica"	"sim"
      "storymap"	""
      "tabelaeditavel"	""
    END # METADATA
    NAME "_lbiomashp"
    PROCESSING "ITEMS=CD_LEGENDA"
    PROCESSING "LABEL_NO_CLIP=True"
    PROCESSING "POLYLINE_NO_CLIP=True"
    STATUS DEFAULT
    TEMPLATE "none.htm"
    TILEITEM "location"
    TYPE POLYGON
    UNITS METERS
    CLASS
      NAME "CAATINGA"
      EXPRESSION ([ID] = 2)
      STYLE
        COLOR 50 247 169
        OUTLINECOLOR 255 255 255
      END # STYLE
      TITLE ""
    END # CLASS
    CLASS
      NAME "PAMPA area > 5"
      EXPRESSION ([ID] = 5)
      STYLE
        COLOR 239 22 152
        OUTLINECOLOR 255 255 255
      END # STYLE
      TITLE ""
    END # CLASS
    CLASS
      NAME "CERRADO"
      EXPRESSION ([ID] = 3)
      STYLE
        COLOR 202 223 14
        OUTLINECOLOR 255 255 255
      END # STYLE
      TITLE ""
    END # CLASS
    CLASS
      NAME "PANTANAL"
      EXPRESSION ([ID] = 6)
      STYLE
        COLOR 214 107 232
        OUTLINECOLOR 255 255 255
      END # STYLE
      TITLE ""
    END # CLASS
    CLASS
      NAME "AMAZÔNIA"
      EXPRESSION ([ID] = 1)
      STYLE
        COLOR 16 67 6
        OUTLINECOLOR 255 255 255
      END # STYLE
      TITLE ""
    END # CLASS
    CLASS
      NAME "MATA ATLÂNTICA"
      EXPRESSION ([ID] = 4)
      STYLE
        COLOR 44 215 49
        OUTLINECOLOR 255 255 255
      END # STYLE
      TITLE ""
    END # CLASS
  END # LAYER
END # MAP
                    
                    
                    
                    
                    
