MAP
  FONTSET "../symbols/fontes.txt"
  SYMBOLSET "../symbols/simbolosv6.sym"
  LAYER
    COMPOSITE
      OPACITY 90
    END # COMPOSITE
    CONNECTION ""
    DATA "/var/www/i3geo/aplicmap/dados/biomas.shp"
    METADATA
      "cache"	"sim"
      "TIP"	"CD_LEGENDA"
      "olopacity"	""
      "CLASSE"	"SIM"
      "animagif"	""
      "permitekmz"	"SIM"
      "gmopacity"	""
      "gmstatus"	""
      "ITENSDESC"	"Teste de acentuação"
      "editavel"	""
      "ESCALA"	"250000"
      "TILES"	"SIM"
      "arquivotemaoriginal"	""
      "extensao"	"-73.990940816816 -33.74827031115 -34.822855820777 5.272224303909"
      "olstatus"	""
      "nomeoriginal"	""
      "permitedownload"	"SIM"
      "permitecomentario"	"NAO"
      "FILTROORIGINAL"	""
      "escondido"	"NAO"
      "DATAORIGINAL"	""
      "esquematabelaeditavel"	""
      "download"	"SIM"
      "itembuscarapida"	"CD_LEGENDA"
      "tme"	""
      "ITENS"	"CD_LEGENDA"
      "transitioneffect"	"NAO"
      "permiteogc"	"SIM"
      "permitekml"	"SIM"
      "TEMA"	"Biomas shapefile (acentuação)"
      "convcaracter"	"SIM"
      "colunageometria"	""
      "colunaidunico"	""
      "identifica"	"sim"
      "storymap"	""
      "tabelaeditavel"	""
    END # METADATA
    NAME "_lbiomashp"
    PROCESSING "ITEMS=CD_LEGENDA"
    PROCESSING "LABEL_NO_CLIP=True"
    PROCESSING "POLYLINE_NO_CLIP=True"
    STATUS DEFAULT
    TEMPLATE "none.htm"
    TILEITEM "location"
    TYPE POLYGON
    UNITS METERS
    CLASS
      NAME "CAATINGA"
      EXPRESSION ('[CD_LEGENDA]'eq'CAATINGA')
      STYLE
        COLOR 183 247 169
        OUTLINECOLOR 255 255 255
      END # STYLE
      TITLE ""
    END # CLASS
    CLASS
      NAME "PAMPA area > 5"
      EXPRESSION ('[CD_LEGENDA]'eq'PAMPA area > 5')
      STYLE
        COLOR 239 22 152
        OUTLINECOLOR 255 255 255
      END # STYLE
      TITLE ""
    END # CLASS
    CLASS
      NAME "CERRADO"
      EXPRESSION ('[CD_LEGENDA]'eq'CERRADO')
      STYLE
        COLOR 202 223 14
        OUTLINECOLOR 255 255 255
      END # STYLE
      TITLE ""
    END # CLASS
    CLASS
      NAME "PANTANAL"
      EXPRESSION ('[CD_LEGENDA]'eq'PANTANAL')
      STYLE
        COLOR 214 107 232
        OUTLINECOLOR 255 255 255
      END # STYLE
      TITLE ""
    END # CLASS
    CLASS
      NAME "AMAZÔNIA"
      EXPRESSION ('[CD_LEGENDA]'eq'AMAZÃ”NIA')
      STYLE
        COLOR 16 67 6
        OUTLINECOLOR 255 255 255
      END # STYLE
      TITLE ""
    END # CLASS
    CLASS
      NAME "MATA ATLÃ‚NTICA"
      EXPRESSION ('[CD_LEGENDA]'eq'MATA ATLÃ‚NTICA')
      STYLE
        COLOR 44 215 49
        OUTLINECOLOR 255 255 255
      END # STYLE
      TITLE ""
    END # CLASS
  END # LAYER

END # MAP

