MAP
  FONTSET "/var/www/i3geo/symbols/fontes.txt"
  SYMBOLSET "/var/www/i3geo/symbols/simbolosv6.sym"
  LAYER
    CONNECTION ""
    DATA "/var/www/i3geo/aplicmap/dados/biomas.shp"
    METADATA
      "METAESTAT_ID_MEDIDA_VARIAVEL"	""
      "cache"	""
      "CLASSE"	"SIM"
      "permitekmz"	"nao"
      "METAESTAT_CODIGO_TIPO_REGIAO"	""
      "permitedownload"	"sim"
      "metaestat"	""
      "permiteogc"	"sim"
      "permitekml"	"sim"
      "convcaracter"	""
      "TEMA"	"Biomas shapefile (acentuação)"
    END # METADATA
    NAME "_lbiomashp"
    PROCESSING "ITEMS=CD_LEGENDA"
    STATUS OFF
    TEMPLATE "none.htm"
    TILEITEM "location"
    OPACITY 50
    TYPE POLYGON
    UNITS METERS
    CLASS
      NAME "CAATINGA"
      EXPRESSION ('[CD_LEGENDA]'eq'CAATINGA')
      STYLE
        ANGLE 0
        COLOR 247 114 249
        OFFSET 0 0
        OUTLINECOLOR 255 255 255
      END # STYLE
    END # CLASS
    CLASS
      NAME "PAMPA"
      EXPRESSION ('[CD_LEGENDA]'eq'PAMPA')
      STYLE
        ANGLE 0
        COLOR 178 88 255
        OFFSET 0 0
        OUTLINECOLOR 255 255 255
      END # STYLE
    END # CLASS
    CLASS
      NAME "CERRADO"
      EXPRESSION ('[CD_LEGENDA]'eq'CERRADO')
      STYLE
        ANGLE 0
        COLOR 67 52 102
        OFFSET 0 0
        OUTLINECOLOR 255 255 255
      END # STYLE
    END # CLASS
    CLASS
      NAME "PANTANAL"
      EXPRESSION ('[CD_LEGENDA]'eq'PANTANAL')
      STYLE
        ANGLE 0
        COLOR 220 65 64
        OFFSET 0 0
        OUTLINECOLOR 255 255 255
      END # STYLE
    END # CLASS
    CLASS
      NAME "AMAZÔNIA"
      EXPRESSION ('[CD_LEGENDA]'eq'AMAZONIA')
      STYLE
        ANGLE 0
        COLOR 195 70 245
        OFFSET 0 0
        OUTLINECOLOR 255 255 255
      END # STYLE
    END # CLASS
    CLASS
      NAME "MATA ATLANTICA"
      EXPRESSION ('[CD_LEGENDA]'eq'MATA ATLANTICA')
      STYLE
        ANGLE 0
        COLOR 216 193 38
        OFFSET 0 0
        OUTLINECOLOR 255 255 255
      END # STYLE
    END # CLASS
  END # LAYER

END # MAP

