MAP
	FONTSET "../symbols/fontes.txt"
	#SYMBOLSET "../symbols/vazio.sym"
	SYMBOLSET "../symbols/simbolosv6.sym"
SYMBOL
	NAME "teste"
	TYPE pixmap
	IMAGE "/var/www/i3geo/imagens/google/foto.png"
END
	LAYER
		CONNECTION ""
		DATA "/var/www/i3geo/aplicmap/dados/locali.shp"
		METADATA
			"METAESTAT_ID_MEDIDA_VARIAVEL"	""
			"cache"	"nao"
			"LTEMPOITEMIMAGEM"	""
			"TIP"	"TIPO,ANOCRIA,NOMELOC"
			"LTEMPOITEMDESCRICAO"	"TIPO"
			"CLASSE"	"SIM"
			"palletestep"	""
			"LTEMPOITEMINICIO"	"ANOCRIA"
			"temporizador"	""
			"LTEMPOITEMTIP"	"ANOCRIA"
			"permitekmz"	"nao"
			"description_template"	""
			"LTEMPOITEMTITULO"	"NOMELOC"
			"iconetema"	""
			"LTEMPOITEMLINK"	""
			"METAESTAT_CODIGO_TIPO_REGIAO"	""
			"palletefile"	""
			"LTEMPOFORMATODATA"	"iso8601"
			"permitedownload"	"sim"
			"LTEMPOITEMICONE"	""
			"permitecomentario"	""
			"metaestat"	""
			"itembuscarapida"	"NOMELOC"
			"arquivokmz"	""
			"arquivodownload"	""
			"transitioneffect"	"NAO"
			"permiteogc"	"sim"
			"permitekml"	"sim"
			"convcaracter"	""
			"TEMA"	"Localidades (usar com timeline)"
			"LTEMPOCONVENCODE"	"SIM"
			"editorsql"	""
			"legendaimg"	""
			"LTEMPOITEMFIM"	""
		END # METADATA
		NAME "_llocali"
		STATUS DEFAULT
		TEMPLATE "none.htm"
		TYPE POINT
		UNITS METERS
		CLASS
			NAME "Vila"
			EXPRESSION ('[TIPO]'eq'Vila')
			STYLE
				ANGLE 0
				COLOR 250 193 4
				OFFSET 0 0
				SIZE 4
				SYMBOL "ponto"
			END # STYLE
		END # CLASS
		CLASS
			NAME "Cidade"
			EXPRESSION ('[TIPO]'eq'Cidade')
			STYLE
				ANGLE 0
				COLOR 62 9 41
				OFFSET 0 0
				SIZE 6
				SYMBOL "teste"
			END # STYLE
		END # CLASS
		CLASS
			NAME "Capital"
			EXPRESSION ('[TIPO]'eq'Capital')
			STYLE
				ANGLE 0
				COLOR 112 203 244
				OFFSET 0 0
				SIZE 6
				SYMBOL "capital"
			END # STYLE
		END # CLASS
	END # LAYER

END # MAP

