MAP
  FONTSET "../symbols/fontes.txt"
  SYMBOLSET "../symbols/simbolosv6.sym"
  LAYER
    CONNECTION ""
    DATA "/var/www/i3geo/aplicmap/dados/locali.shp"
    METADATA
      "METAESTAT_ID_MEDIDA_VARIAVEL"	""
      "TIP"	"TIPO,NOMELOC,ANOCRIA"
      "cache"	"sim"
      "CLASSE"	"SIM"
      "LTEMPOITEMDESCRICAO"	"TIPO"
      "olopacity"	""
      "animagif"	"{'colunat':'ANOCRIA','tipocolunat':'numero','tempo':'40','w':'500','h':'500','cache':'sim','mapext':'-159.521484375 -89.263671875 114.521484375 46.263671875','legenda':'sim','transparente':'','operador':'','nulos':'','auto':'sim','exec':'sim'}"
      "LTEMPOITEMINICIO"	"ANOCRIA"
      "permitekmz"	"sim"
      "LTEMPOITEMTIP"	"ANOCRIA"
      "gmopacity"	""
      "gmstatus"	""
      "ITENSDESC"	"Município,TIPO,Localidade,ANOCRIA"
      "LTEMPOITEMTITULO"	"NOMELOC"
      "ITENSLINK"	",,,"
      "TILES"	"SIM"
      "METAESTAT_CODIGO_TIPO_REGIAO"	""
      "arquivotemaoriginal"	""
      "nomeoriginal"	""
      "olstatus"	""
      "permitedownload"	"sim"
      "LTEMPOFORMATODATA"	"iso8601"
      "FILTROORIGINAL"	""
      "permitecomentario"	"SIM"
      "DATAORIGINAL"	""
      "metaestat"	""
      "download"	"SIM"
      "itembuscarapida"	"NOMELOC"
      "ITENS"	"NOMEMUN,TIPO,NOMELOC,ANOCRIA"
      "permitekml"	"sim"
      "permiteogc"	"sim"
      "transitioneffect"	"NAO"
      "TEMA"	"Localidades (usar com animagif) para teste"
      "cortepixels"	"30"
      "identifica"	"sim"
      "LTEMPOCONVENCODE"	"SIM"
    END # METADATA
    NAME "_llocalianimagif"
    PROCESSING "LABEL_NO_CLIP=True"
    PROCESSING "POLYLINE_NO_CLIP=True"
    STATUS DEFAULT
    TEMPLATE "none.htm"
    TILEITEM "location"
    TYPE POINT
    UNITS METERS
    CLASS
      NAME "Localidades"
      STYLE
        COLOR 250 0 0
        SIZE 10
        SYMBOL "ponto"
      END # STYLE
      TITLE ""
    END # CLASS
  END # LAYER

END # MAP

