MAP
  FONTSET "../symbols/fontes.txt"
  SYMBOLSET "../symbols/simbolosv6.sym"
  LAYER
    CONNECTION ""
    DATA "/var/www/i3geo/aplicmap/dados/locali.shp"
    METADATA
      "TIP"	"TIPO,ANOCRIA,NOMELOC"
      "CLASSE"	"SIM"
      "TEMA"	"Localidades (usar com mapa de calor)"
      "PLUGINI3GEO" '{"plugin":"heatmap","parametros":{"tipoGradiente":"default","coluna":"","radius":15,"max":10}}' #se coluna for vazio, assume valor 1
    END # METADATA
    NAME "_lmapadecalor"
    STATUS OFF
    TEMPLATE "none.htm"
    TILEITEM "location"
    OPACITY 70
    TYPE POINT
    UNITS METERS
    #
    #voce pode definir os intervalos das classes do mapa entre 0 e 1
    #para usar as classe altere o METADATA PLUGINI3GEO colocando "tipoGradiente":"" no lugar de "tipoGradiente":"default"
    #nas classes o NAME corresponde ao limite superior da classe e COLOR indica a cor
    #
    CLASS
      NAME "0.45"
      COLOR 0 0 255
    END # CLASS
    CLASS
      NAME "0.55"
      COLOR 0 255 255
    END # CLASS
    CLASS
      NAME "0.65"
      COLOR 0 255 0
    END # CLASS
    CLASS
      NAME "0.95"
      COLOR 255 255 0
    END # CLASS
    CLASS
      NAME "1"
      COLOR 255 0 0
    END # CLASS
  END # LAYER

END # MAP

