MAP
  FONTSET "../symbols/fontes.txt"
  SYMBOLSET "../symbols/simbolosv6.sym"
  LAYER
    CONNECTION ""
    DATA "/var/www/i3geo/aplicmap/dados/locali.shp"
    METADATA
      "METAESTAT_ID_MEDIDA_VARIAVEL"	""
      "TIP"	"TIPO,ANOCRIA,NOMELOC"
      "cache"	""
      "ltempoitemdescricao"	""
      "CLASSE"	"SIM"
      "ltempoiteminicio"	""
      "ltempoitemtip"	""
      "permitekmz"	"nao"
      "METAESTAT_CODIGO_TIPO_REGIAO"	""
      "permitedownload"	"nao"
      "metaestat"	""
      "PLUGINI3GEO"	'{"plugin":"markercluster","parametros":{"tipoEstilos":"default","gridSize":"50"}}'
      "permiteogc"	"nao"
      "permitekml"	"nao"
      "TEMA"	"Localidades (usar com mapa de cluster)"
      "cortepixels"	"0"
    END # METADATA
    NAME "_lmapadecluster"
    STATUS OFF
    TEMPLATE "none.htm"
    TILEITEM "location"
    TYPE POINT
    UNITS METERS
    CLASS
      NAME "Ponto"
      STYLE
        SIZE 20
      END # STYLE
    END # CLASS
    CLASS
      NAME "Cluster 1"
      STYLE
        SIZE 35
      END # STYLE
    END # CLASS
    CLASS
      NAME "Cluster 2"
      STYLE
        SIZE 45
      END # STYLE
    END # CLASS
    CLASS
      NAME "Cluster 3"
      STYLE
        SIZE 55
      END # STYLE
    END # CLASS
  END # LAYER

END # MAP

