MAP
  FONTSET "../symbols/fontes.txt"
  SYMBOLSET "../symbols/simbolosv6.sym"
  LAYER
    CONNECTION ""
    DATA "/var/www/i3geo/aplicmap/dados/estradareal/novo.shp"
    METADATA
      "METAESTAT_ID_MEDIDA_VARIAVEL"	""
      "CLASSE"	"SIM"
      "permitekmz"	"nao"
      "METAESTAT_CODIGO_TIPO_REGIAO"	""
      "permitedownload"	"sim"
      "metaestat"	""
      "download"	"sim"
      "permiteogc"	"sim"
      "permitekml"	"sim"
      "TEMA"	"Caminho Novo Estrada Real"
      "storymap"	"{'cabecalho':'Primeiro slide do teste','texto':'Texto do primeiro slide da apresentação','colcabecalho':'NOME','coltexto':'COMENTARIO','collocal':'NOME','colmedia':'URL','collon':'','collat':''}"
    END # METADATA
    NAME "_lreal"
    PROCESSING "LABEL_NO_CLIP=True"
    PROCESSING "POLYLINE_NO_CLIP=True"
    STATUS DEFAULT
    TEMPLATE "none.htm"
    TILEITEM "location"
    TYPE POINT
    UNITS METERS
    CLASS
      NAME ""
      STYLE
        COLOR 250 0 0
        SIZE 15
        SYMBOL "ponto"
      END # STYLE
      TITLE ""
    END # CLASS
  END # LAYER

END # MAP

