MAP
  FONTSET "../symbols/fontes.txt"
  SYMBOLSET "../symbols/simbolos.sym"
  LAYER
    #CONNECTION "user=postgres password=postgres dbname=geosaude host=localhost port=5432"
    INCLUDE "include.map"
    CONNECTIONTYPE POSTGIS
    DATA "the_geom from (select * from i3geo_metaestat.bairros) as foo using unique gid using srid=4326"
    METADATA
      "METAESTAT_ID_MEDIDA_VARIAVEL"	""
      "ID_MEDIDA_VARIAVEL"	""
      "cache"	""
      "CLASSE"	"SIM"
      "permitekmz"	"nao"
      "METAESTAT_CODIGO_TIPO_REGIAO"	""
      "permitedownload"	"sim"
      "metaestat"	""
      "permiteogc"	"sim"
      "permitekml"	"sim"
      "TEMA"	"Bairros IBGE"
      "convcaracter"	""
    END # METADATA
    NAME "l_bairros"
    STATUS DEFAULT
    TEMPLATE "none.htm"
    TILEITEM "location"
    TYPE POLYGON
    UNITS METERS
    CLASS
      NAME ""
      STYLE
        ANGLE 0
        OFFSET 0 0
        OUTLINECOLOR 255 0 0
        SYMBOL "p0"
      END # STYLE
      STYLE
        ANGLE 0
        COLOR 255 255 255
        OFFSET 0 0
        OPACITY 20
      END # STYLE
    END # CLASS
  END # LAYER

END # MAP

