MAP
  FONTSET "../symbols/fontes.txt"
  SYMBOLSET "../symbols/simbolosv6.sym"
	LAYER
		DATA "/var/www/i3geo/aplicmap/dados/mundo"
		METADATA
			"CLASSE"	"SIM" #o simbolo sera mostrado na legenda
			"ITENS"	"FIPS_CNTRY,GMI_CNTRY,LONG_NAME,CNTRY_NAME" #itens que serao mostrados na opcao de identificacao
			"ITENSDESC"	"FIPS,GMI,Nome,Wikipedia" #descricao dos nomes dos itens
			"ITENSLINK" ",,,http://pt.wikipedia.org/wiki/[CNTRY_NAME]"
			"TEMA"	"Países do mundo 3d" #nome que sera mostrado na legenda
			"TITULO"       "Países do mundo" #nome alternativo que e mostrado nos combos para escolha do tema
			"TIP" "FIPS_CNTRY,GMI_CNTRY,CNTRY_NAME"
			"itembuscarapida" "LONG_NAME"
		     "tme"	'{"titulo":"População","colnome":"CNTRY_NAME","colsdata":["POP_CNTRY"],"lmax":"100000","amax":"2000000"}'
		END
		NAME "_lteste3d"
		STATUS DEFAULT
		TEMPLATE "none.htm"
		TYPE POLYGON
		CLASS
			NAME "" #vazio indica que nao sera incluido o nome ao lado do simbolo
			STYLE
				COLOR 230 230 230
				OUTLINECOLOR 255 255 255
			END
		END
	END
END