MAP
  FONTSET "c:\ms4w\apache\htdocs\i3geo\symbols\fontes.txt"
  SYMBOLSET "c:\ms4w\apache\htdocs\i3geo\symbols\simbolosv6.sym"
  LAYER
    CONNECTION ""
    DATA "c:\ms4w\apache\htdocs\i3geo\aplicmap\dados\biomas.shp"
    METADATA
      "METAESTAT_ID_MEDIDA_VARIAVEL"	""
      "cache"	"SIM"
      "CLASSE"	"SIM"
      "permitekmz"	"nao"
      "METAESTAT_CODIGO_TIPO_REGIAO"	""
      "permitedownload"	"sim"
      "metaestat"	""
      "permiteogc"	"sim"
      "permitekml"	"sim"
      "convcaracter"	""
      "TEMA"	"Biomas shapefile (acentuação)"
      "cortepixels"	"0"
    END # METADATA
    NAME "_wbiomashp"
    PROCESSING "ITEMS=CD_LEGENDA"
    STATUS OFF
    TEMPLATE "none.htm"
    OPACITY 50
    TYPE POLYGON
    UNITS METERS
    CLASS
      NAME "CAATINGA"
      EXPRESSION ('[CD_LEGENDA]'eq'CAATINGA')
      STYLE
        ANGLE 0
        COLOR 252 141 223
        OFFSET 0 0
        OUTLINECOLOR 255 255 255
      END # STYLE
    END # CLASS
    CLASS
      NAME "PAMPA"
      EXPRESSION ('[CD_LEGENDA]'eq'PAMPA')
      STYLE
        ANGLE 0
        COLOR 36 240 107
        OFFSET 0 0
        OUTLINECOLOR 255 255 255
      END # STYLE
    END # CLASS
    CLASS
      NAME "CERRADO"
      EXPRESSION ('[CD_LEGENDA]'eq'CERRADO')
      STYLE
        ANGLE 0
        COLOR 71 98 5
        OFFSET 0 0
        OUTLINECOLOR 255 255 255
      END # STYLE
    END # CLASS
    CLASS
      NAME "PANTANAL"
      EXPRESSION ('[CD_LEGENDA]'eq'PANTANAL')
      STYLE
        ANGLE 0
        COLOR 61 221 64
        OFFSET 0 0
        OUTLINECOLOR 255 255 255
      END # STYLE
    END # CLASS
    CLASS
      NAME "AMAZÔNIA"
      EXPRESSION ('[CD_LEGENDA]'eq'AMAZÔNIA')
      STYLE
        ANGLE 0
        COLOR 90 100 208
        OFFSET 0 0
        OUTLINECOLOR 255 255 255
      END # STYLE
    END # CLASS
    CLASS
      NAME "MATA ATLÂNTICA"
      EXPRESSION ('[CD_LEGENDA]'eq'MATA ATLÂNTICA')
      STYLE
        ANGLE 0
        COLOR 63 33 71
        OFFSET 0 0
        OUTLINECOLOR 255 255 255
      END # STYLE
    END # CLASS
  END # LAYER

END # MAP

