MAP
  FONTSET "../symbols/fontes.txt"
  SYMBOLSET "../symbols/simbolos.sym"
  LAYER
    CONNECTION ""
    DATA "c:\ms4w\apache\htdocs\i3geo\aplicmap\dados\biomas.shp"
    METADATA
      "METAESTAT_ID_MEDIDA_VARIAVEL"	""
      "cache"	"NAO"
      "CLASSE"	"SIM"
      "permitekmz"	"nao"
      "iconetema"	"http://www.edmarmoretti.com.br/i3geo/imagens/doxygen/22x22/kbugbuster.png"
      "METAESTAT_CODIGO_TIPO_REGIAO"	""
      "extensao"	"-48.88092 -25.08728 -41.470642 -22.044067"
      "permitedownload"	"sim"
      "metaestat"	""
      "permitekml"	"sim"
      "permiteogc"	"sim"
      "TEMA"	"Biomas com icone na árvore"
    END # METADATA
    NAME "_wbiomashpicone"
    PROCESSING "ITEMS=CD_LEGENDA"
    STATUS OFF
    TEMPLATE "none.htm"
    TILEITEM "location"
    OPACITY 50
    TYPE POLYGON
    UNITS METERS
    CLASS
      NAME "CAATINGA"
      EXPRESSION ('[CD_LEGENDA]'eq'CAATINGA')
      STYLE
        ANGLE 0
        COLOR 21 44 114
        OFFSET 0 0
      END # STYLE
    END # CLASS
    CLASS
      NAME "PAMPA"
      EXPRESSION ('[CD_LEGENDA]'eq'PAMPA')
      STYLE
        ANGLE 0
        COLOR 225 189 199
        OFFSET 0 0
      END # STYLE
    END # CLASS
    CLASS
      NAME "CERRADO"
      EXPRESSION ('[CD_LEGENDA]'eq'CERRADO')
      STYLE
        ANGLE 0
        COLOR 17 235 39
        OFFSET 0 0
      END # STYLE
    END # CLASS
    CLASS
      NAME "PANTANAL"
      EXPRESSION ('[CD_LEGENDA]'eq'PANTANAL')
      STYLE
        ANGLE 0
        COLOR 242 192 145
        OFFSET 0 0
      END # STYLE
    END # CLASS
    CLASS
      NAME "AMAZONIA"
      EXPRESSION ('[CD_LEGENDA]'eq'AMAZONIA')
      STYLE
        ANGLE 0
        COLOR 149 120 37
        OFFSET 0 0
      END # STYLE
    END # CLASS
    CLASS
      NAME "MATA ATLANTICA"
      EXPRESSION ('[CD_LEGENDA]'eq'MATA ATLANTICA')
      STYLE
        ANGLE 0
        COLOR 208 160 125
        OFFSET 0 0
      END # STYLE
    END # CLASS
  END # LAYER

END # MAP

