MAP
  FONTSET "../symbols/fontes.txt"
  SYMBOLSET "../symbols/simbolos.sym"
  LAYER
    CONNECTION ""
    DATA "c:\ms4w\apache\htdocs\i3geo\aplicmap\dados\locali.shp"
    FILTER (([ANOCRIA] = subsano))
    METADATA
      "cache"	"nao"
      "TIP"	"TIPO,ANOCRIA,NOMELOC"
      "olopacity"	""
      "CLASSE"	"SIM"
      "LTEMPOITEMDESCRICAO"	"TIPO"
      "LTEMPOITEMINICIO"	"ANOCRIA"
      "permitekmz"	"sim"
      "LTEMPOITEMTIP"	"ANOCRIA"
      "gmopacity"	""
      "gmstatus"	""
      "LTEMPOITEMTITULO"	"NOMELOC"
      "arquivotemaoriginal"	""
      "olstatus"	""
      "nomeoriginal"	""
      "permitedownload"	"sim"
      "LTEMPOFORMATODATA"	"iso8601"
      "FILTROORIGINAL"	""
      "DATAORIGINAL"	""
      "itembuscarapida"	"NOMELOC"
      "permitekml"	"sim"
      "permiteogc"	"sim"
      "transitioneffect"	"NAO"
      "TEMA"	"Localidades (usar com timeline)"
      "identifica"	"sim"
      "LTEMPOCONVENCODE"	"SIM"
      "PLUGINI3GEO"	'{"plugin":"parametrossql","ativo":"sim","parametros":[{"titulo" : "Ano de criação","chave" : "subsano","tipo" : "input","valores" : "","prog" : "aplicmap/dados/listaano.php"},{"titulo" : "xxx","chave" : "xxx","tipo" : "input","valores" : "","prog" : "aplicmap/dados/listaano.php"},{"titulo" : "","chave" : "","tipo" : "input","valores" : "","prog" : ""},{"titulo" : "","chave" : "","tipo" : "input","valores" : "","prog" : ""}]}'

    END # METADATA
    NAME "_wlocali"
    PROCESSING "LABEL_NO_CLIP=True"
    PROCESSING "POLYLINE_NO_CLIP=True"
    STATUS DEFAULT
    TEMPLATE "none.htm"
    TILEITEM "location"
    TYPE POINT
    UNITS METERS
    CLASS
      NAME "Vila"
      EXPRESSION ('[TIPO]'eq'Vila')
      STYLE
        ANGLE 0
        COLOR 250 193 4
        OFFSET 0 0
        SIZE 4
        SYMBOL "ponto"
      END # STYLE
      TITLE ""
    END # CLASS
    CLASS
      NAME "Cidade"
      EXPRESSION ('[TIPO]'eq'Cidade')
      STYLE
        ANGLE 0
        COLOR 62 9 41
        OFFSET 0 0
        SIZE 6
        SYMBOL "ponto"
      END # STYLE
      TITLE ""
    END # CLASS
    CLASS
      NAME "Capital"
      EXPRESSION ('[TIPO]'eq'Capital')
      STYLE
        ANGLE 0
        COLOR 112 203 244
        OFFSET 0 0
        SIZE 6
        SYMBOL "capital"
      END # STYLE
      TITLE ""
    END # CLASS
  END # LAYER

END # MAP

