MAP
  EXTENT -21309420.490489 -8061966.246171 21505099.28287 16906647.661876
	FONTSET "/var/www/i3geo/symbols/fontes.txt"
	SYMBOLSET "/var/www/i3geo/symbols/simbolosv6.sym"
  IMAGETYPE "AGG_Q"
  MAXSIZE 4096
  NAME "Model"
  SIZE 1000 500
  STATUS ON
 
  UNITS DD

  OUTPUTFORMAT
    NAME "AGG_Q"
    MIMETYPE "image/png"
    DRIVER "AGG/PNG"
    EXTENSION "png"
    IMAGEMODE RGBA
    TRANSPARENT TRUE
    FORMATOPTION "QUANTIZE_FORCE=ON"
    FORMATOPTION "QUANTIZE_DITHER=OFF"
    FORMATOPTION "QUANTIZE_COLORS=256"
    FORMATOPTION "INTERLACE=OFF"
  END # OUTPUTFORMAT

  PROJECTION
    "proj=merc"
    "a=6378137"
    "b=6378137"
    "lat_ts=0.0"
    "lon_0=0.0"
    "x_0=0.0"
    "y_0=0"
    "k=1.0"
    "units=m"
  END # PROJECTION
  LEGEND
    KEYSIZE 20 10
    KEYSPACING 5 5
    LABEL
      SIZE MEDIUM
      OFFSET 0 0
      SHADOWSIZE 1 1
      TYPE BITMAP
    END # LABEL
    STATUS OFF
  END # LEGEND

  QUERYMAP
    SIZE -1 -1
    STATUS OFF
    STYLE HILITE
  END # QUERYMAP

  SCALEBAR
    INTERVALS 4
    LABEL
      SIZE MEDIUM
      OFFSET 0 0
      SHADOWSIZE 1 1
      TYPE BITMAP
    END # LABEL
    SIZE 200 3
    STATUS OFF
    UNITS MILES
  END # SCALEBAR

  WEB
    IMAGEPATH "/tmp/ms_tmp/"
    IMAGEURL "/ms_tmp/"
  END # WEB

  LAYER
    CONNECTION "user=sysdbsisrel password=sysdbsisrel dbname=db_consolidado host=ec2-54-94-132-225.sa-east-1.compute.amazonaws.com"
    CONNECTIONTYPE POSTGIS
    DATA '_2 FROM (SELECT fat.*,(("dim"."localizacao"."the_geom")) AS "_2","dim"."localizacao"."co_localizacao" FROM (SELECT "dim"."localizacao"."no_municipio" AS "_1"
,trunc(sum( "fat"."vw_perimetros_irrigados"."expropriated_area" ),2) AS "_3"
 FROM "fat"."vw_perimetros_irrigados" 
 INNER JOIN "dim"."localizacao" ON ("fat"."vw_perimetros_irrigados"."co_localizacao"="dim"."localizacao"."co_localizacao") 
 WHERE ("fat"."vw_perimetros_irrigados"."legal_reserve" IS NOT NULL  AND "fat"."vw_perimetros_irrigados"."infrastructure_area" IS NOT NULL)
 GROUP BY "dim"."localizacao"."no_municipio") as fat INNER JOIN dim.localizacao ON ("dim"."localizacao"."no_municipio"=fat."_1" )) as foo USING UNIQUE co_localizacao USING SRID=4674'
    NAME "a"
    PROCESSING "CLOSE_CONNECTION=DEFER"
    STATUS DEFAULT
PROJECTION
		"+proj=longlat +ellps=WGS84 +no_defs"
	END
    TEMPLATE "none.html"
    TILEITEM "location"
    OPACITY 70
    TYPE POLYGON
    UNITS METERS
    CLASS
      NAME "0"
      EXPRESSION ([_3] <= 352.03)
      STYLE
        ANGLE 360
        COLOR 0 255 0
        SIZE 1
      END # STYLE
    END # CLASS
    CLASS
      NAME "1"
      EXPRESSION ([_3] >= 352.03 AND [_3] < 1365.37)
      STYLE
        ANGLE 360
        COLOR 255 255 0
        SIZE 1
      END # STYLE
    END # CLASS
    CLASS
      NAME "2"
      EXPRESSION ([_3] >= 1365.37 AND [_3] < 5487.62)
      STYLE
        ANGLE 360
        COLOR 255 165 0
        SIZE 1
      END # STYLE
    END # CLASS
    CLASS
      NAME "3"
      EXPRESSION ([_3] >= 10816.44)
      STYLE
        ANGLE 360
        COLOR 255 0 0
        SIZE 1
      END # STYLE
    END # CLASS
  END # LAYER

END # MAP
