MAP
  FONTSET "../symbols/fontes.txt"
  SYMBOLSET "../symbols/simbolos.sym"
  LAYER
    CONNECTION ""
    DATA ""
    METADATA
      "METAESTAT_ID_MEDIDA_VARIAVEL"	"1"
      "tipooriginal"	""
      "wms_srs"	"EPSG:4326"
      "wms_exceptions_format"	"application/vnd.ogc.se_xml"
      "cache"	""
      "CLASSE"	"SIM"
      "permitekmz"	"nao"
      "wfs"	"nao"
      "METAESTAT_CODIGO_TIPO_REGIAO"	""
      "TEXTO"	"NAO"
      "wms_force_separate_request"	"1"
      "wms_name"	"i3geo:locali"
      "formatosinfo"	"text/plain,application/vnd.ogc.gml,text/html"
      "nomeoriginal"	"i3geo:locali"
      "permitedownload"	"sim"
      "metaestat"	"SIM"
      "wms_formatlist"	"image/png,application/atom xml,application/atom xml,application/openlayers,application/pdf,application/rss xml,application/rss xml,application/vnd.google-earth.kml,application/vnd.google-earth.kml xml,application/vnd.google-earth.kml xml,application/vnd.google-earth.kmz,application/vnd.google-earth.kmz xml,application/vnd.google-earth.kmz xml,atom,image/geotiff,image/geotiff8,image/gif,image/jpeg,image/png8,image/svg,image/svg xml,image/svg xml,image/tiff,image/tiff8,kml,kmz,openlayers,rss"
      "wms_format"	"image/png"
      "permitekml"	"sim"
      "permiteogc"	"sim"
      "convcaracter"	""
      "tema"	"Acid Maps"
      "wms_server_version"	"1.1.1"
      "wms_style"	""
    END # METADATA
    NAME "acidmap"
    OFFSITE 255 255 255
    STATUS OFF
    TILEITEM "location"
    TYPE RASTER
    UNITS METERS
    CLASS
    END # CLASS
    CLASS
    END # CLASS
  END # LAYER

END # MAP

