SYMBOLSET ../symbols/simbolos.sym
FONTSET   "../symbols/fontes.txt"
  LAYER

    CONNECTION "http://mapas.mma.gov.br/i3geo/ogc.php?tema=bioma"

    CONNECTIONTYPE WMS

    DATA ""

    METADATA

      "wms_srs"	"EPSG:4291 EPSG:4326"

      "wms_exceptions_format"	"application/vnd.ogc.se_xml"

      "CLASSE"	"SIM"

      "wms_force_separate_request"	"1"

      "formatosinfo"	"text/plain,application/vnd.ogc.gml"

      "wms_name"	"bioma"

      "wms_format"	"image/png"

      "wms_formatlist"	"image/gif,image/png,image/png; mode=24bit,image/jpeg,image/wbmp,image/tiff"

      "wms_connectiontimeout"	"30"

      "TEMA"	"Biomas segundo IBGE-MMA"

      "wms_server_version"	"1.1.0"

      "wms_style"	"default"

    END

    NAME "atlas_biomas"

    OFFSITE 255 255 255

    STATUS OFF

    TOLERANCE 0

    TYPE RASTER

    UNITS METERS

    CLASS

      NAME " "

      STYLE

        ANGLE 360

        COLOR 200 50 0

        OPACITY 100

        OUTLINECOLOR 0 0 0

        SYMBOL 0

      END

    END

  END



END


