MAP
  FONTSET "../symbols/fontes.txt"
  SYMBOLSET "../symbols/simbolos.sym"
  LAYER
    DATA "c:\ms4w\apache\htdocs\geodados\brasil\vegetacao\biomas.shp"
    METADATA
      "ltempoitemimagem"	""
      "cache"	"SIM"
      "ltempoitemdescricao"	""
      "CLASSE"	"SIM"
      "ltempoiteminicio"	""
      "palletestep"	""
      "ltempoitemtip"	""
      "iconetema"	""
      "ltempoitemtitulo"	""
      "description_template"	""
      "ITENSDESC"	"Nome"
      "ltempoitemlink"	""
      "CLASSESNOME"	"CD_LEGENDA"
      "ESCALA"	"5000000"
      "palletefile"	""
      "EXTENSAO"	"-75.233614607 -33.7515829981 -27.592958622 5.272156"
      "ltempoformatodata"	""
      "ltempoitemicone"	""
      "CLASSESITEM"	"ID"
      "CLASSESCOR"	"COR"
      "arquivodownload"	""
      "ITENS"	"CD_LEGENDA"
      "TEMA"	"Teste de geração automática de classes em dados vetoriais"
      "editorsql"	""
      "ltempoitemfim"	""
    END
    NAME "autolegenda_exemplo"
    STATUS OFF
    TEMPLATE "none.htm"
    TYPE POLYGON
    UNITS METERS
    CLASS
      STYLE
        ANGLE 360
        OPACITY 100
        OUTLINECOLOR 50 50 50
        SYMBOL 0
      END
    END
  END

END

