SYMBOLSET ../symbols/simbolos.sym
FONTSET   "../symbols/fontes.txt"
LAYER
  NAME bioma # ok
  TYPE Polygon
  STATUS OFF
  TEMPLATE "none.htm"
  CONNECTIONTYPE postgis
	CONNECTION "user=geodados password=geodados dbname=geodados host=10.1.1.36 port=5432"
	DATA "the_geom FROM (select * FROM brasil.brareg1) as foo USING UNIQUE gid USING SRID=4291"
  METADATA
	ITENS "cd_legenda"
	ITENSDESC "Nome"
  	TEMA "Bioma"
  	CLASSE "SIM"
      ESCALA "5000000"
      DOWNLOAD "SIM"
  END
  MINSCALE 50
  TRANSPARENCY 80
  CLASS
    Name 'Amazônia'
    EXPRESSION ('[id]'eq '1')
    COLOR 255 255 204
    OUTLINECOLOR 50 50 50
        END  # CLASS
  CLASS
    Name 'Caatinga'
    EXPRESSION ('[id]'eq '2')
    COLOR 232 220 201
    OUTLINECOLOR 50 50 50
  END  # CLASS
  CLASS
    Name 'Cerrado'
    EXPRESSION ('[id]'eq '3')
    COLOR 244 214 0
    OUTLINECOLOR 50 50 50
  END  # CLASS
  CLASS
    Name 'Pantanal'
    EXPRESSION ('[id]'eq '6')
    COLOR 200 200 241
    OUTLINECOLOR 50 50 50
  END  # CLASS
  CLASS
    Name 'Pampa'
    EXPRESSION ('[id]'eq '5')
    COLOR 143 189 192
    OUTLINECOLOR 50 50 50
  END  # CLASS
  CLASS
    Name 'Mata Atlântica'
    EXPRESSION ('[id]'eq '4')
    COLOR 218 255 216
    OUTLINECOLOR 50 50 50
  END  # CLASS				
END
END