MAP
  FONTSET "c:\ms4w\apache\htdocs\i3geo/symbols/fontes.txt"
  SYMBOLSET "c:\ms4w\apache\htdocs\i3geo/symbols/simbolos.sym"
  LAYER
    CONNECTION ""
    DATA "c:\ms4w\apache\htdocs\geodados\brasil\vegetacao\biomas.shp"
    GROUP "Grupo 1"
    METADATA
      "ltempoitemimagem"	""
      "cache"	""
      "CLASSE"	"SIM"
      "ltempoitemdescricao"	""
      "palletestep"	""
      "ltempoiteminicio"	""
      "permitekmz"	"sim"
      "ltempoitemtip"	""
      "iconetema"	"http://www.gpsdrive.de/development/map-icons/square.small/leisure/park.png"
      "description_template"	""
      "ltempoitemtitulo"	""
      "ltempoitemlink"	""
      "palletefile"	""
      "nomeoriginal"	"biomashp"
      "permitedownload"	"sim"
      "ltempoformatodata"	""
      "ltempoitemicone"	""
      "download"	"SIM"
      "permitekml"	"sim"
      "permiteogc"	""
      "TEMA"	"Biomas shapefile x"
      "identifica"	"NAO"
      "editorsql"	""
      "ltempoitemfim"	""
    END
    NAME "biomashp"
    STATUS DEFAULT
    TEMPLATE "none.htm"
    OPACITY 50
    TYPE POLYGON
    UNITS METERS
    CLASS
      NAME "CAATINGA"
      EXPRESSION ('[CD_LEGENDA]'eq'CAATINGA')
      STYLE
        ANGLE 360
        COLOR 214 54 97
        SYMBOL 0
        WIDTH 1
      END
    END
    CLASS
      NAME "PAMPA"
      EXPRESSION ('[CD_LEGENDA]'eq'PAMPA')
      STYLE
        ANGLE 360
        COLOR 127 191 202
        SYMBOL 0
        WIDTH 1
      END
    END
    CLASS
      NAME "CERRADO"
      EXPRESSION ('[CD_LEGENDA]'eq'CERRADO')
      STYLE
        ANGLE 360
        COLOR 244 126 198
        SYMBOL 0
        WIDTH 1
      END
    END
    CLASS
      NAME "PANTANAL"
      EXPRESSION ('[CD_LEGENDA]'eq'PANTANAL')
      STYLE
        ANGLE 360
        COLOR 146 148 168
        SYMBOL 0
        WIDTH 1
      END
    END
    CLASS
      NAME "AMAZONIA"
      EXPRESSION ('[CD_LEGENDA]'eq'AMAZONIA')
      STYLE
        ANGLE 360
        COLOR 195 147 81
        SYMBOL 0
        WIDTH 1
      END
    END
    CLASS
      NAME "MATA ATLANTICA"
      EXPRESSION ('[CD_LEGENDA]'eq'MATA ATLANTICA')
      STYLE
        ANGLE 360
        COLOR 240 245 39
        SYMBOL 0
        WIDTH 1
      END
    END
  END

END

