MAP
  FONTSET "c:\ms4w\apache\htdocs\i3geo/symbols/fontes.txt"
  SYMBOLSET "c:\ms4w\apache\htdocs\i3geo/symbols/simbolos.sym"
  LAYER
    CONNECTION ""
    DATA "c:\ms4w\apache\htdocs\i3geo\aplicmap\dados\biomas.shp"
    GROUP "Grupo 1"
    METADATA
      "cache"	""
      "ltempoitemimagem"	""
      "ltempoitemdescricao"	""
      "CLASSE"	"SIM"
      "ltempoiteminicio"	""
      "palletestep"	""
      "ltempoitemtip"	""
      "permitekmz"	"sim"
      "ltempoitemtitulo"	""
      "description_template"	""
      "iconetema"	"http://www.gpsdrive.de/development/map-icons/square.small/leisure/park.png"
      "ltempoitemlink"	""
      "extensao"	"-44 -23 -39 -21"
      "palletefile"	""
      "ltempoformatodata"	""
      "permitedownload"	"sim"
      "ltempoitemicone"	""
      "download"	"SIM"
      "permiteogc"	""
      "permitekml"	"sim"
      "TEMA"	"biomashp"
      "aplicaextensao"	"SIM"
      "editorsql"	""
      "identifica"	"NAO"
      "ltempoitemfim"	""
    END
    NAME "biomashp"
    STATUS OFF
    TEMPLATE "none.htm"
    OPACITY 50
    TYPE POLYGON
    UNITS METERS
    CLASS
      NAME "CAATINGA"
      EXPRESSION ('[CD_LEGENDA]'eq'CAATINGA')
      STYLE
        ANGLE 360
        COLOR 21 44 114
        SYMBOL 0
        WIDTH 1
      END
    END
    CLASS
      NAME "PAMPA"
      EXPRESSION ('[CD_LEGENDA]'eq'PAMPA')
      STYLE
        ANGLE 360
        COLOR 225 189 199
        SYMBOL 0
        WIDTH 1
      END
    END
    CLASS
      NAME "CERRADO"
      EXPRESSION ('[CD_LEGENDA]'eq'CERRADO')
      STYLE
        ANGLE 360
        COLOR 17 235 39
        SYMBOL 0
        WIDTH 1
      END
    END
    CLASS
      NAME "PANTANAL"
      EXPRESSION ('[CD_LEGENDA]'eq'PANTANAL')
      STYLE
        ANGLE 360
        COLOR 242 192 145
        SYMBOL 0
        WIDTH 1
      END
    END
    CLASS
      NAME "AMAZONIA"
      EXPRESSION ('[CD_LEGENDA]'eq'AMAZONIA')
      STYLE
        ANGLE 360
        COLOR 149 120 37
        SYMBOL 0
        WIDTH 1
      END
    END
    CLASS
      NAME "MATA ATLANTICA"
      EXPRESSION ('[CD_LEGENDA]'eq'MATA ATLANTICA')
      STYLE
        ANGLE 360
        COLOR 208 160 125
        SYMBOL 0
        WIDTH 1
      END
    END
  END

END

