MAP


SYMBOLSET ../symbols/simbolos.sym
FONTSET   "../symbols/fontes.txt"
LAYER
    CONNECTION "http://moingatu.cptec.inpe.br/cgi-bin/mapserv?map=/extra/www/html/webservice/ogc_fm.map"
    CONNECTIONTYPE WMS
    DATA ""
      METADATA
        "wms_srs"	"EPSG:4326"
        "wms_exceptions_format"	"application/vnd.ogc.se_xml"
        "CLASSE"	"SIM"
        "wfs"	"nao"
        "TEXTO"	"NAO"
        "wms_force_separate_request"	"1"
        "wms_name"	"prec_inst"
        "formatosinfo"	"text/plain,application/vnd.ogc.gml"
        "legendawms"	"http://moingatu.cptec.inpe.br/cgi-bin/mapserv?map=/extra/www/html/webservice/ogc_fm.map&service=wms&request=getlegendgraphic&version=1.1.1&service=wms&layer=prec_inst&format=image/png"
        "wms_formatlist"	"image/png,image/jpeg,image/gif,image/tiff,image/png; mode=24bit,image/wbmp"
        "wms_format"	"image/png"
        "wms_connectiontimeout"	"30"
        "TEMA"	"Precipitação Instantânea"
        "wms_server_version"	"1.1.1"
        "wms_style"	"default"
      END
    NAME "geopr_dsainpe_prec_inst"
    OFFSITE 255 255 255
    SIZEUNITS PIXELS
    STATUS DEFAULT
    TOLERANCE 0
    TOLERANCEUNITS PIXELS
    TYPE RASTER
    UNITS METERS
    CLASS
      NAME " "
      METADATA
      END
    END
  END
END
