MAP
  LAYER
    CONNECTION "http://200.140.135.184/cgi-bin/mapserv?map=/usr/local/www/apache22/data/hidro/wshidro.map"
    CONNECTIONTYPE WMS
    METADATA
      "wms_srs"	"EPSG:4291"
      "wms_proxy_password"	""
      "wms_exceptions_format"	"application/vnd.ogc.se_xml"
      "cache"	""
      "ltempoitemimagem"	""
      "wms_auth_type"	""
      "CLASSE"	"SIM"
      "ltempoitemdescricao"	""
      "wms_latlonboundingbox"	""
      "palletestep"	""
      "ltempoiteminicio"	""
      "wfs"	"nao"
      "permitekmz"	"nao"
      "ltempoitemtip"	""
      "description_template"	""
      "ltempoitemtitulo"	""
      "iconetema"	""
      "ltempoitemlink"	""
      "TEXTO"	"NAO"
      "wms_force_separate_request"	"1"
      "wms_transparent"	""
      "wms_name"	"rios_federais"
      "formatosinfo"	"text/plain,application/vnd.ogc.gml"
      "legendawms"	"http://200.140.135.184/cgi-bin/mapserv?map=/usr/local/www/apache22/data/hidro/wshidro.map&service=wms&request=getlegendgraphic&version=1.1.1&service=wms&layer=rios_federais&format=image/png"
      "wms_sld_url"	""
      "palletefile"	""
      "permitedownload"	"nao"
      "ltempoformatodata"	""
      "ltempoitemicone"	""
      "permitecomentario"	""
      "wms_time"	""
      "wms_auth_username"	""
      "wms_proxy_username"	""
      "wms_formatlist"	"image/gif,image/png,image/png; mode=24bit,image/jpeg,image/wbmp,image/tiff"
      "wms_format"	"image/png"
      "wms_proxy_auth_type"	""
      "wms_proxy_host"	""
      "wms_sld_body"	""
      "wms_connectiontimeout"	"30"
      "arquivodownload"	""
      "wms_proxy_type"	""
      "permiteogc"	"sim"
      "permitekml"	"sim"
      "TEMA"	"geopr_ana_federais"
      "wms_proxy_port"	""
      "wms_bgcolor"	""
      "wms_server_version"	"1.1.1"
      "editorsql"	""
      "wms_auth_password"	""
      "ltempoitemfim"	""
      "wms_style"	"default"
    END
    NAME "geopr_ana_federais"
    OFFSITE 255 255 255
    STATUS DEFAULT
    TOLERANCE 0
    TYPE RASTER
    UNITS METERS
    CLASS
      NAME " "
      STYLE
        ANGLE 360
        COLOR 200 50 0
        OUTLINECOLOR 0 0 0
        SYMBOL 0
        WIDTH 1
      END
    END
  END

END

