SYMBOLSET ../symbols/simbolos.sym
FONTSET   "../symbols/fontes.txt"
LAYER
      NAME "glc2000"
      TYPE RASTER
      STATUS off
			DATA "c:\temp\Grid\sam2000mon6\hdr.adf"
			template "glc2000.htm"
      METADATA
		    TPSHP ""
  	    TEMA "Global Landcover 2000"
  	    CLASSE "SIM"
        TEXTO ""
				TABELA "NAO"
				R "RASTER"
		    ITENS "values,value_0,class"
		    ITENSDESC "Valores,Banda_0,Classe"
				ESCALA "1000000"
			EXTENSAO "-75.233614607 -33.7515829981 -27.592958622 5.272156"
      END
			TRANSPARENCY 60
CLASS
 NAME 'Corpo dágua'
 EXPRESSION ([pixel] =   83 )
 COLOR  0 0 255 
END
CLASS
 NAME 'Manguezal'
 EXPRESSION ([pixel] =   30 )
 COLOR  237 161 237 
END
CLASS
 NAME 'Igapó e várzea'
 EXPRESSION ([pixel] =   31 )
 COLOR  237 0 255 
END
CLASS
 NAME 'Flor. hidrófila'
 EXPRESSION ([pixel] =   33 )
 COLOR  237 193 237 
END
CLASS
 NAME 'Floresta ombrófila (úmida)'
 EXPRESSION ([pixel] IN '10,11,12' )
 COLOR  0 204 0 
END
CLASS
 NAME 'Flor. estacional semi-decidual (úmida)'
 EXPRESSION ([pixel] IN '13,14' )
 COLOR  98 255 169 
END
CLASS
 NAME 'Flor. estacional decidual (seca)'
 EXPRESSION ([pixel] IN '20,21' )
 COLOR  140 255 0 
END
CLASS
 NAME 'Flor. estacional semi-decidual (seca)'
 EXPRESSION ([pixel] IN '22,23' )
 COLOR  0 255 0 
END
CLASS
 NAME 'Flor. de transição semi-decidual (seca)'
 EXPRESSION ([pixel] =   24 )
 COLOR  230 255 230 
END
CLASS
 NAME 'Flor. latifoliada sempre-verde densa (temperada)'
 EXPRESSION ([pixel] =   40 )
 COLOR  105 117 0 
END
CLASS
 NAME 'Flor. latifoliada sempre-verde e mista de coníferas (temperada)'
 EXPRESSION ([pixel] =   42 )
 COLOR  105 76 0 
END
CLASS
 NAME 'Flor. estacional decidual (temperada)'
 EXPRESSION ([pixel] IN '44,43' )
 COLOR  125 161 0 
END
CLASS
 NAME 'Mosaico de veg. não arbórea degradada'
 EXPRESSION ([pixel] =   51 )
 COLOR  207 171 0 
END
CLASS
 NAME 'Mosaico de veg. arbórea degradada'
 EXPRESSION ([pixel] =   52 )
 COLOR  255 120 8 
END
CLASS
 NAME 'Floresta de montanha'
 EXPRESSION ([pixel] IN '194,246,247,254,238,244,245,235,236,237,227,228,234,224,225,226,206,207,208,195,197,204,190,192,193,181,182,183,173,174,180,171,172,110,111,112,113,114,120,121,122,123,124,130,131,133,140,142,143,144,160,161,162,163,164,170' )
 COLOR  0 99 0 
END
CLASS
 NAME 'Formação arbustiva fechada'
 EXPRESSION ([pixel] =   64 )
 COLOR  159 81 44 
END
CLASS
 NAME 'Formação arbustiva aberta'
 EXPRESSION ([pixel] =   65 )
 COLOR  209 178 140 
END
CLASS
 NAME 'Campinarana'
 EXPRESSION ([pixel] =   66 )
 COLOR  159 32 239 
END
CLASS
 NAME 'Campo rupestre'
 EXPRESSION ([pixel] =   67 )
 COLOR  143 98 255 
END
CLASS
 NAME 'Campo de altitude'
 EXPRESSION ([pixel] IN '68,69' )
 COLOR  244 255 178 
END
CLASS
 NAME 'Campo inundável'
 EXPRESSION ([pixel] =   63 )
 COLOR  63 223 207 
END
CLASS
 NAME 'Rocha e solo nu'
 EXPRESSION ([pixel] =   80 )
 COLOR  180 178 204 
END
CLASS
 NAME 'Estepe arbustiva pouco densa'
 EXPRESSION ([pixel] =   75 )
 COLOR  255 192 202 
END
CLASS
 NAME 'Estepe (campo aberto ou fechado)'
 EXPRESSION ([pixel] IN '70,71' )
 COLOR  255 255 207 
END
CLASS
 NAME 'Deserto'
 EXPRESSION ([pixel] =   81 )
 COLOR  230 230 230 
END
CLASS
 NAME 'Savana ou savana arbustiva'
 EXPRESSION ([pixel] IN '60,61' )
 COLOR  255 208 0 
END
CLASS
 NAME 'Neve eterna'
 EXPRESSION ([pixel] =   84 )
 COLOR  255 255 255 
END
CLASS
 NAME 'Área salinizada'
 EXPRESSION ([pixel] IN '82' )
 COLOR  59 32 0 
END
CLASS
 NAME 'Plantação florestal, reflorestamento'
 EXPRESSION ([pixel] =   53 )
 COLOR  76 99 0 
END
CLASS
 NAME 'Área urbana'
 EXPRESSION ([pixel] =   90 )
 COLOR  250 0 0 
END
CLASS
 NAME 'Agricultura intensiva'
 EXPRESSION ([pixel] =   50 )
 COLOR  255 255 0 
END
END
END
