MAP
  FONTSET "c:\ms4w\apache\htdocs\i3geo/symbols/fontes.txt"
  SYMBOLSET "c:\ms4w\apache\htdocs\i3geo/symbols/simbolos.sym"
  LAYER
    CONNECTION ""
    DATA "c:\ms4w\apache\htdocs\i3geo\aplicmap\dados\locali"
    METADATA
      "LTEMPOITEMIMAGEM"	""
      "LTEMPOITEMDESCRICAO"	"TIPO"
      "CLASSE"	"SIM"
      "palletestep"	""
      "LTEMPOITEMINICIO"	"ANOCRIA"
      "LTEMPOITEMTIP"	"ANOCRIA"
      "description_template"	""
      "LTEMPOITEMTITULO"	"NOMELOC"
      "LTEMPOITEMLINK"	""
      "palletefile"	""
      "LTEMPOFORMATODATA"	"iso8601"
      "LTEMPOITEMICONE"	""
      "arquivodownload"	""
      "TEMA"	"Localidades"
      "editorsql"	""
      "LTEMPOITEMFIM"	""
    END
    NAME "locali"
    STATUS OFF
    TEMPLATE "none.htm"
    TYPE POINT
    UNITS METERS
    CLASS
      NAME "Vila"
      EXPRESSION ('[TIPO]'eq'Vila')
      STYLE
        ANGLE 360
        COLOR 209 36 9
        OPACITY 100
        SIZE 4
        SYMBOL "ponto"
      END
    END
    CLASS
      NAME "Cidade"
      EXPRESSION ('[TIPO]'eq'Cidade')
      STYLE
        ANGLE 360
        COLOR 62 9 41
        OPACITY 100
        SIZE 6
        SYMBOL "ponto"
      END
    END
    CLASS
      NAME "Capital"
      EXPRESSION ('[TIPO]'eq'Capital')
      STYLE
        ANGLE 360
        COLOR 112 203 244
        OPACITY 100
        SIZE 6
        SYMBOL "capital"
      END
    END
  END

END

