MAP


  FONTSET "../symbols/fontes.txt"
  SYMBOLSET "../symbols/simbolos.sym"
  LAYER
    CONNECTION ""
    DATA "c:\ms4w\apache\htdocs - SFB\i3geo\geodados\municipios.shp"
    METADATA
      "cache"	"SIM"
      "ltempoitemimagem"	""
      "CLASSE"	"SIM"
      "ltempoitemdescricao"	""
      "palletestep"	""
      "ltempoiteminicio"	""
      "ltempoitemtip"	""
      "permitekmz"	"nao"
      "temporizador"	""
      "description_template"	""
      "ltempoitemtitulo"	""
      "iconetema"	""
      "ltempoitemlink"	""
      "palletefile"	""
      "ltempoformatodata"	""
      "permitedownload"	"sim"
      "ltempoitemicone"	""
      "permitecomentario"	""
      "download"	"SIM"
      "itembuscarapida"	""
      "arquivodownload"	""
      "arquivokmz"	""
      "permiteogc"	"sim"
      "permitekml"	"sim"
      "TEMA"	"Limites municipais"
      "aplicaextensao"	"NAO"
      "editorsql"	""
      "ltempoitemfim"	""
      "legendaimg"	""
    END
    NAME "municipios"
    STATUS OFF
    TYPE POLYGON
    UNITS METERS
    CLASS
      NAME ""
      STYLE
        ANGLE 360
        OUTLINECOLOR 0 0 0
        SIZE 2
        WIDTH 1
      END
    END
  END
END
