MAP


  FONTSET "../symbols/fontes.txt"
  SYMBOLSET "../symbols/simbolos.sym"
  LAYER
    CONNECTION ""
    DATA "c:\ms4w\apache\htdocs\i3geo\aplicmap\dados\sc22\povoado.shp"
    METADATA
      "temporizador" "5"
	  "cache"	""
      "ltempoitemimagem"	""
      "CLASSE"	"SIM"
      "ltempoitemdescricao"	""
      "palletestep"	""
      "ltempoiteminicio"	""
      "permitekmz"	"sim"
      "ltempoitemtip"	""
      "description_template"	""
      "ltempoitemtitulo"	""
      "iconetema"	""
      "ltempoitemlink"	""
      "palletefile"	""
      "permitedownload"	"sim"
      "ltempoformatodata"	""
      "ltempoitemicone"	""
      "permitecomentario"	"NAO"
      "download"	"SIM"
      "arquivodownload"	""
	  "arquivokmz" "c:\ms4w\apache\htdocs\i3geo\aplicmap\dados\povoado.kmz"
      "permitekml"	"sim"
      "permiteogc"	""
      "TEMA"	"Povoado"
      "editorsql"	""
      "ltempoitemfim"	""
      "legendaimg"	"http://www.rockingsmileys.com/wp-content/uploads/2011/03/Happy_eyebrowes_smileys-150x150.png"
    END
    NAME "povoado"
    STATUS OFF
    TYPE POINT
    UNITS METERS
    CLASS
      NAME ""
      STYLE
        ANGLE 360
        COLOR 0 0 0
        SIZE 5
        SYMBOL "ponto"
        WIDTH 1
      END
    END
  END
END
