MAP
  FONTSET "../symbols/fontes.txt"
  SYMBOLSET "../symbols/simbolos.sym"
  LAYER
    CONNECTION ""
    DATA "c:\ms4w\apache\htdocs\i3geo\aplicmap\dados\sc22\povoado.shp"
    METADATA
      "METAESTAT_ID_MEDIDA_VARIAVEL"	""
      "ltempoitemimagem"	""
      "cache"	""
      "ltempoitemdescricao"	""
      "CLASSE"	"SIM"
      "ltempoiteminicio"	""
      "palletestep"	""
      "ltempoitemtip"	""
      "permitekmz"	"sim"
      "temporizador"	"5"
      "iconetema"	""
      "ltempoitemtitulo"	""
      "description_template"	""
      "ltempoitemlink"	""
      "METAESTAT_CODIGO_TIPO_REGIAO"	""
      "palletefile"	""
      "ltempoformatodata"	""
      "permitedownload"	"sim"
      "permitecomentario"	"NAO"
      "ltempoitemicone"	""
      "metaestat"	""
      "download"	"SIM"
      "arquivokmz"	"c:\ms4w\apache\htdocs\i3geo\aplicmap\dados\povoado.kmz"
      "arquivodownload"	""
      "permiteogc"	""
      "permitekml"	"sim"
      "TEMA"	"Povoado"
      "editorsql"	""
      "legendaimg"	"http://www.rockingsmileys.com/wp-content/uploads/2011/03/Happy_eyebrowes_smileys-150x150.png"
      "ltempoitemfim"	""
    END # METADATA
    NAME "povoado"
    STATUS OFF
    TILEITEM "location"
    TYPE POINT
    UNITS METERS
    CLASS
      NAME ""
      STYLE
        COLOR 0 0 0
        OFFSET 0 0
        SIZE 5
        SYMBOL "ponto"
      END # STYLE
    END # CLASS
  END # LAYER

END # MAP

