MAP
  FONTSET "../symbols/fontes.txt"
  SYMBOLSET "../symbols/simbolosv6.sym"
  LAYER
    COMPOSITE
      OPACITY 40
    END # COMPOSITE
    CONNECTION ""
    CONNECTIONTYPE POSTGIS
    DATA "geom FROM (select class_regiao,class_regiao_desc,geom FROM dbauxiliares.tb_class_regiao WHERE superintendencia = 't') as foo USING UNIQUE class_regiao USING SRID=4674"
    METADATA
      "cache"	"sim"
      "TIP"	"class_regiao,class_regiao_desc"
      "CLASSE"	"SIM"
      "permitekmz"	"SIM"
      "ITENSDESC"	"Codigo,Nome"
      "TILES"	"SIM"
      "ITENSLINK"	","
      "extensao"	"-48.285791068245 -16.050264262644 -47.308386987058 -15.500255153363"
      "permitedownload"	"SIM"
      "download"	"SIM"
      "UTFDATA"	"class_regiao_desc"
      "ITENS"	"class_regiao,class_regiao_desc"
      "permitekml"	"SIM"
      "permiteogc"	"SIM"
      "convcaracter"	"SIM"
      "TEMA"	"Regiões de saúde (superintendências)"
      "IDENTIFICA"	"sim"
    END # METADATA
    NAME "regioesdesaude"
    PROCESSING "LABEL_NO_CLIP=True"
    PROCESSING "POLYLINE_NO_CLIP=True"
    STATUS DEFAULT
    TEMPLATE "none.htm"
    TILEITEM "location"
    TYPE POLYGON
    UNITS METERS
    CLASS
      NAME "Região Central"
      EXPRESSION ('[class_regiao]'eq'2')
      STYLE
        COLOR 203 115 203
        OUTLINECOLOR 255 255 255
      END # STYLE
      TITLE ""
    END # CLASS
    CLASS
      NAME "Região Oeste"
      EXPRESSION ('[class_regiao]'eq'5')
      STYLE
        COLOR 17 166 64
        OUTLINECOLOR 255 255 255
      END # STYLE
      TITLE ""
    END # CLASS
    CLASS
      NAME "Região Norte"
      EXPRESSION ('[class_regiao]'eq'6')
      STYLE
        COLOR 2 210 239
        OUTLINECOLOR 255 255 255
      END # STYLE
      TITLE ""
    END # CLASS
    CLASS
      NAME "Região Sul"
      EXPRESSION ('[class_regiao]'eq'3')
      STYLE
        COLOR 249 110 138
        OUTLINECOLOR 255 255 255
      END # STYLE
      TITLE ""
    END # CLASS
    CLASS
      NAME "Região Leste"
      EXPRESSION ('[class_regiao]'eq'7')
      STYLE
        COLOR 243 26 74
        OUTLINECOLOR 255 255 255
      END # STYLE
      TITLE ""
    END # CLASS
    CLASS
      NAME "Região Sudoeste"
      EXPRESSION ('[class_regiao]'eq'4')
      STYLE
        COLOR 122 60 248
        OUTLINECOLOR 255 255 255
      END # STYLE
      TITLE ""
    END # CLASS
    CLASS
      NAME "Região Centro-Sul"
      EXPRESSION ('[class_regiao]'eq'1')
      STYLE
        COLOR 189 247 118
        OUTLINECOLOR 255 255 255
      END # STYLE
      TITLE ""
    END # CLASS
  END # LAYER

END # MAP

