MAP
  FONTSET "../symbols/fontes.txt"
  SYMBOLSET "../symbols/simbolosv6.sym"
  LAYER
    CONNECTION ""
    DATA "/var/www/temp/localizador_052015.shp"
    METADATA
      "METAESTAT_ID_MEDIDA_VARIAVEL"""
      "ltempoitemimagem"""
      "tip""RELATORIO"
      "ltempoitemdescricao"""
      "CLASSE""SIM"
      "ltempoiteminicio"""
      "palletestep"""
      "ltempoitemtip"""
      "temporizador"""
      "ltempoitemtitulo"""
      "description_template"""
      "itensdesc""OBS,PROCESSO,RIP,ORGAO,RELATORIO"
      "iconetema"""
      "ltempoitemlink"""
      "itenslink""[OBS]"
      "tiles"""
      "METAESTAT_CODIGO_TIPO_REGIAO"""
      "palletefile"""
      "ltempoformatodata"""
      "ltempoitemicone"""
      "permitecomentario""SIM"
      "PLUGINI3GEO"""
      "metaestat"""
      "escondido""NAO"
      "itembuscarapida""OBS"
      "itens""OBS,PROCESSO,RIP,ORGAO,RELATORIO"
      "transitioneffect""SIM"
      "TEMA""localizador"
      "convcaracter"""
      "cortepixels""0"
      "ltempoconvencode"""
      "editorsql"""
      "identifica""SIM"
      "aplicaextensao""SIM"
      "ltempoitemfim"""
    END # METADATA
    NAME "teste"
    PROJECTION
      "init=epsg:29194"
    END # PROJECTION
    STATUS DEFAULT
    TEMPLATE "none.htm"
    TILEITEM "location"
    TYPE POINT
    UNITS METERS
    CLASS
      NAME ""
      STYLE
        ANGLE 0
        COLOR 166 16 16
        OFFSET 0 0
        SIZE 20
        SYMBOL "ponto"
      END # STYLE
    END # CLASS
  END # LAYER

END # MAP