MAP
  FONTSET "../symbols/fontes.txt"
  SYMBOLSET "../symbols/simbolosv6.sym"
  LAYER
    CONNECTION "password=i3geosaude user=postgres dbname=i3geosaude host=localhost port=5432"
    CONNECTIONTYPE POSTGIS
    DATA "the_geom2 from (

 select * from i3geo_metaestat.municipios

) as foo using unique gid using srid=4326"
    METADATA
      "METAESTAT_ID_MEDIDA_VARIAVEL"	""
      "ltempoitemimagem"	""
      "tip"	"lat,lon,data,horagmt,satelite,municipio,uf,regiao,bioma"
      "cache"	"NAO"
      "ltempoitemdescricao"	""
      "olopacity"	""
      "CLASSE"	"SIM"
      "ltempoiteminicio"	""
      "palletestep"	""
      "ltempoitemtip"	""
      "gmopacity"	""
      "gmstatus"	""
      "ltempoitemtitulo"	""
      "description_template"	""
      "itensdesc"	"Lat,Lon,Latgms,Longms,Data,Horagmt,Satelite,Municipio,UF,Regiao,Prec,Num dias sem chuva,Risco,Bioma"
      "ltempoitemlink"	""
      "METAESTAT_CODIGO_TIPO_REGIAO"	""
      "arquivotemaoriginal"	""
      "palletefile"	""
      "olstatus"	""
      "nomeoriginal"	""
      "ltempoformatodata"	""
      "ltempoitemicone"	""
      "metaestat"	""
      "itembuscarapida"	""
      "itens"	"lat,lon,latgms,longms,data,horagmt,satelite,municipio,uf,regiao,pais,prec,ndiasschuv,risco,bioma,wrs_tm"
      "CONEXAOORIGINAL"	"sigeo"
      "TEMA"	"Focos de queimada 2013"
      "convcaracter"	""
      "cortepixels"	"0"
      "ltempoconvencode"	""
      "editorsql"	""
      "ltempoitemfim"	""
    END # METADATA
    NAME "testex"
    PROCESSING "LABEL_NO_CLIP=True"
    PROCESSING "POLYLINE_NO_CLIP=True"
    STATUS DEFAULT
    TEMPLATE "none.htm"
    TYPE POINT
    UNITS METERS
    CLASS
      NAME ""
      STYLE
        COLOR 239 12 12
        SIZE 6
        SYMBOL "ponto"
      END # STYLE
      TITLE ""
    END # CLASS
  END # LAYER

END # MAP

