MAP
  FONTSET "../symbols/fontes.txt"
  SYMBOLSET "../symbols/simbolosv6.sym"
  LAYER
    CONNECTION "password=postgres user=postgres dbname=i3geosaude host=localhost port=5432"
    CONNECTIONTYPE POSTGIS
    DATA "the_geom from (select cod_inep,nome,gid,the_geom from i3geo_metaestat.escolas) as foo using unique gid using srid=4326"
    METADATA
      "METAESTAT_ID_MEDIDA_VARIAVEL"	""
      "cache"	"nao"
      "CLASSE"	"SIM"
      "olopacity"	""
      "gmopacity"	""
      "gmstatus"	""
      "editavel"	"SIM"
      "METAESTAT_CODIGO_TIPO_REGIAO"	""
      "arquivotemaoriginal"	""
      "nomeoriginal"	""
      "olstatus"	""
      "FILTROORIGINAL"	""
      "DATAORIGINAL"	""
      "PLUGINI3GEO"	""
      "metaestat"	""
      "esquematabelaeditavel"	"i3geo_metaestat"
      "convcaracter"	""
      "TEMA"	"Teste de escolas"
      "COLUNAGEOMETRIA"	"the_geom"
      "colunaidunico"	"gid"
      "tabelaeditavel"	"escolas"
    END # METADATA
    NAME "testeescolas"
    PROCESSING "LABEL_NO_CLIP=True"
    PROCESSING "POLYLINE_NO_CLIP=True"
    STATUS DEFAULT
    TEMPLATE "none.htm"
    TILEITEM "location"
    TYPE POINT
    UNITS METERS
    CLASS
      NAME ""
      STYLE
        COLOR 0 0 0
        SIZE 20
        SYMBOL "/var/www/i3geo/symbols/images/school-2.png"
      END # STYLE
      TITLE ""
    END # CLASS
  END # LAYER

END # MAP

