MAP
  FONTSET "../symbols/fontes.txt"
  SYMBOLSET "../symbols/simbolos.sym"
 LAYER
    DATA "/var/www/i3geo/aplicmap/dados/mundo"
    GROUP ""
    METADATA
      "TIP"	"FIPS_CNTRY,GMI_CNTRY,CNTRY_NAME"
      "cache"	"nao"
      "olopacity"	"100"
      "CLASSE"	"SIM"
      "ITENSDESC"	"FIPS,GMI,Nome,Wikipedia"
      "ITENSLINK"	",,,http://pt.wikipedia.org/wiki/[CNTRY_NAME]"
      "TITULO"	"Países do mundo"
      "olstatus"	"OFF"
      "itembuscarapida"	"LONG_NAME"
      "ITENS"	"FIPS_CNTRY,GMI_CNTRY,LONG_NAME,CNTRY_NAME"
      "TEMA"	"grafico de Países do mundo"
      "permitedownload" "nao"
      "download" "nao"
    END # METADATA
    NAME "teste"
    PROCESSING "LABEL_NO_CLIP=True"
    PROCESSING "POLYLINE_NO_CLIP=True"
    PROCESSING "CHART_TYPE=PIE"
    PROCESSING "CHART_SIZE=50"
    STATUS DEFAULT
    TEMPLATE "none.htm"
    TILEITEM "location"
    TYPE CHART
    UNITS METERS
    CLASS
      NAME "SQKM"
      STYLE
        COLOR 75 43 106
        OUTLINECOLOR 0 0 0
        SIZE [SQKM]
      END # STYLE
    END # CLASS
    CLASS
      NAME "SQMI"
      STYLE
        COLOR 108 251 237
        OUTLINECOLOR 0 0 0
        SIZE [SQMI]
      END # STYLE
    END # CLASS
  END # LAYER
END
