MAP
  FONTSET "../symbols/fontes.txt"
  SYMBOLSET "../symbols/simbolos.sym"
  LAYER
    #CONNECTION "http://mapas.mma.gov.br/i3geo/ogc.php?tema=ucsfi"
    #CONNECTIONTYPE WMS
	CONNECTIONTYPE OGR
	CONNECTION "c:/ms4w/apache/htdocs/i3geo/aplicmap/dados/ucsfi.gml"	
    METADATA
      #"wms_srs"	"EPSG:4291"
      #"wms_exceptions_format"	"application/vnd.ogc.se_xml"
      #"wms_force_separate_request"	"1"
      #"legendawms"	"http://mapas.mma.gov.br/i3geo/ogc.php?tema=ucsfi&service=wms&request=getlegendgraphic&version=1.1.0&service=wms&layer=ucsfi&format=image/png"
      #"formatosinfo"	"text/plain,application/vnd.ogc.gml"
      #"wms_name"	"ucsfi"
      #"wms_format"	"image/png"
      #"wms_formatlist"	"image/png,image/gif,image/png; mode=24bit,image/jpeg,image/vnd.wap.wbmp,image/tiff,image/svg xml"
      #"wms_connectiontimeout"	"30"
      #"wms_server_version"	"1.1.0"
      #"wms_style"	"default"
      #"wms_crs"	"EPSG:4291"
	  "tema"	"Unidades de conservação federais de proteção integral"
      "CLASSE"	"SIM"
      "permitekmz"	"nao"
      "permitedownload"	"nao"
      "download"	"nao"
      "permiteogc"	"nao"
      "permitekml"	"sim"
      "aplicaextensao"	"NAO"
	  "cache" "sim"
    END
    NAME "ucsfederais"
    STATUS OFF
	OPACITY 70
    #TYPE RASTER
    #UNITS METERS
	#OFFSITE 255 255 255
	TYPE POLYGON
	CLASS
	  NAME ""
      STYLE
        ANGLE 360
        COLOR 20 158 10
        OUTLINECOLOR 17 87 6
      END
	  END
  END
END

