MAP
  LAYER
    DATA "c:\ms4w\apache\htdocs\geodados\brasil\vegetacao\vegetacao.shp"
    METADATA
      "CLASSE"	"SIM"
      "permitekmz"	"nao"
      "ITENSDESC"	"Nome,Tipo,Descrição,Sigla"
      "ESCALA"	"5000000"
      "TEXTO"	""
      "permitedownload"	"sim"
      "ITENS"	"nome,tipo,desc_tipo,sigla"
      "permitekml"	"sim"
      "permiteogc"	"sim"
      "TEMA"	"Vegetação do Brasil (1:5.000.000)"
    END
    NAME "vegetacao"
    STATUS OFF
    TEMPLATE "vegetacao.htm"
    TYPE POLYGON
    UNITS METERS
    CLASS
      NAME "Vegetacao Lenhosa Oligotrofica dos Pantanos e das Acumulacoes Arenosas"
      EXPRESSION ('[NOME]'eq'Vegetacao Lenhosa Oligotrofica dos Pantanos e das Acumulacoes Arenosas')
      STYLE
        ANGLE 360
        COLOR 255 255 204
        OPACITY 100
        SYMBOL 0
      END
    END
    CLASS
      NAME "Estepe"
      EXPRESSION ('[NOME]'eq'Estepe')
      STYLE
        ANGLE 360
        COLOR 255 153 0
        OPACITY 100
        SYMBOL 0
      END
    END
    CLASS
      NAME "Savana"
      EXPRESSION ('[NOME]'eq'Savana')
      STYLE
        ANGLE 360
        COLOR 204 102 0
        OPACITY 100
        SYMBOL 0
      END
    END
    CLASS
      NAME "Savana Estépica"
      EXPRESSION ('[NOME]'eq'Savana Estepica')
      STYLE
        ANGLE 360
        COLOR 153 0 0
        OPACITY 100
        SYMBOL 0
      END
    END
    CLASS
      NAME "Floresta Estacional Decidual"
      EXPRESSION ('[NOME]'eq'Floresta Estacional Decidual')
      STYLE
        ANGLE 360
        COLOR 204 255 255
        OPACITY 100
        SYMBOL 0
      END
    END
    CLASS
      NAME "Floresta Estacional Semidecidual"
      EXPRESSION ('[NOME]'eq'Floresta Estacional Semidecidual')
      STYLE
        ANGLE 360
        COLOR 204 255 204
        OPACITY 100
        SYMBOL 0
      END
    END
    CLASS
      NAME "Floresta Ombrófila Aberta"
      EXPRESSION ('[NOME]'eq'Floresta Ombrofila Aberta')
      STYLE
        ANGLE 360
        COLOR 0 255 102
        OPACITY 100
        SYMBOL 0
      END
    END
    CLASS
      NAME "Floresta Ombrófila Mista"
      EXPRESSION ('[NOME]'eq'Floresta Ombrofila Mista')
      STYLE
        ANGLE 360
        COLOR 153 255 153
        OPACITY 100
        SYMBOL 0
      END
    END
    CLASS
      NAME "Floresta Ombrófila Densa"
      EXPRESSION ('[NOME]'eq'Floresta Ombrofila Densa')
      STYLE
        ANGLE 360
        COLOR 0 102 51
        OPACITY 100
        SYMBOL 0
      END
    END
    CLASS
      NAME "Refúgio Ecológico"
      EXPRESSION ('[NOME]'eq'Refugio Ecologico')
      STYLE
        ANGLE 360
        COLOR 255 0 0
        OPACITY 100
        SYMBOL 0
      END
    END
    CLASS
      NAME "Áreas das Formações Pioneiras"
      EXPRESSION ('[NOME]'eq'Areas das Formacoes Pioneiras')
      STYLE
        ANGLE 360
        COLOR 153 153 255
        OPACITY 100
        SYMBOL 0
      END
    END
    CLASS
      NAME "Área de Tensão Ecológica"
      EXPRESSION ('[NOME]'eq'Areas de Tensao Ecologica')
      STYLE
        ANGLE 360
        COLOR 204 204 204
        OPACITY 100
        SYMBOL 0
      END
    END
  END

END

