SYMBOLSET ../symbols/simbolos.sym
FONTSET   "../symbols/fontes.txt"
LAYER
  NAME visitantes # ok
  TYPE point
  STATUS OFF
  TEMPLATE "none.htm"
  CONNECTIONTYPE postgis
	CONNECTION "user=geodados password=geodados dbname=geodados host=10.1.1.36 port=5432"
	DATA "the_geom FROM (select PointFromText('POINT(' || longitude || ' ' || latitude || ')',4291) as the_geom,n,gid FROM public.visitantes_i3geo) as foo USING UNIQUE gid USING SRID=4291"
  METADATA
  	TEMA "Usuários"
  	CLASSE "SIM"
  END
  CLASS
    Name 'uma visita'
    EXPRESSION ('[n]'eq '1')
    SYMBOL 'ponto'
    SIZE 6
    COLOR 255 255 204
    OUTLINECOLOR 50 50 50
  END  # CLASS
  CLASS
    Name 'de duas a 3'
    EXPRESSION (([n]>1)and([n]<=3))
    SYMBOL 'ponto'
    SIZE 8
    COLOR 255 255 204
    OUTLINECOLOR 50 50 50
  END  # CLASS
  CLASS
    Name 'de 4 a 5'
    EXPRESSION (([n]>3)and([n]<=5))
    SYMBOL 'ponto'
    SIZE 10
    COLOR 255 255 204
    OUTLINECOLOR 50 50 50
  END  # CLASS
  CLASS
    Name 'mais de cinco'
    EXPRESSION ([n]>5)
    SYMBOL 'ponto'
    SIZE 11
    COLOR 247 233 164
    OUTLINECOLOR 50 50 50
  END  # CLASS  	
END
END