MAP
 NAME "i3geoogc"
  PROJECTION
   "init=epsg:4291"
 END
 IMAGETYPE png
 IMAGECOLOR 255 255 255
 SIZE 450 450
 STATUS ON
     OUTPUTFORMAT
       NAME "png"
       MIMETYPE "image/png"
       #DRIVER AGG/PNG
       DRIVER GD/PNG
       EXTENSION "png"
       IMAGEMODE RGBA
       TRANSPARENT ON
       FORMATOPTION          "INTERLACE=OFF"
   END
 IMAGETYPE png
 DEBUG OFF
 EXTENT -76.512593 -36.948432 -29.585185 7.046013
 SYMBOLSET ../symbols/simbolos.sym
 SHAPEPATH "/opt/www/html/geodados"
 FONTSET   "../symbols/fontes.txt"
	LEGEND
		IMAGECOLOR 255 255 255
		KEYSIZE 25 25
		KEYSPACING 5 5
		LABEL
			SIZE 8
			FONT "verdana"
			TYPE truetype
			BUFFER 0
			COLOR 0 0 0
			FORCE FALSE
			MINDISTANCE -1
			MINFEATURESIZE -1
			OFFSET 0 0
			PARTIALS FALSE
		END
		POSITION UL
		STATUS on
	END
 
WEB
  IMAGEPATH "/var/tmp/ms_tmp/"
  IMAGEURL "/ms_tmp/"
  TEMPLATE "none.htm"
  METADATA
   "ows_title" "I3Geo Brasil MMA"
   "wms_title" "I3Geo Brasil MMA"
   "ows_abstract" "Web services gerados da base de dados do I3Geo. Para chamar um tema especificamente, veja o sistema de ajuda, digitando ogc.php?ajuda="
   "ows_keywordlist" ""
   "ows_onlineresource" ""
   "ows_fees" "none"
   "ows_accessconstraints" "vedado o uso comercial"
   "ows_contactperson" ""
   "ows_contactorganization" ""
   "ows_contactposition" ""
   "ows_addresstype" ""
   "ows_address"     ""
   "ows_city" ""
   "ows_stateorprovince" ""
   "ows_postcode" ""
   "ows_country" ""
   "ows_contactelectronicmailaddress" ""
   "ows_srs" "EPSG:4291 EPSG:4326"
   "ows_getcontext_enabled" "1"
   "ows_context_fid" "i3geo"
   "ows_context_version" "1.0.0"
   "ows_namespace_uri" "http://www.omsug.ca/osgis2004"
   "ows_name" "i3geoogc"
  END
 END
 # start of layer definitions

END
